// Jest Snapshot v1, https://goo.gl/fbAQLP

exports[`store can be created with user 1`] = `
Object {
  "goodJokeCount": 0,
  "lastDisplayedReviewPrompt": 782939475000,
  "onboardingComplete": false,
  "user": Object {
    "displayName": "",
    "email": "",
    "emailVerified": false,
    "isAnonymous": false,
    "metadata": Object {
      "creationTime": "",
      "lastSignInTime": "",
    },
    "phoneNumber": "",
    "photoURL": "",
    "providerData": Array [],
    "providerId": "",
    "uid": "",
  },
}
`;

exports[`store can be created without any user 1`] = `
Object {
  "goodJokeCount": 0,
  "lastDisplayedReviewPrompt": 782939475000,
  "onboardingComplete": false,
  "user": null,
}
`;
